server/diagnostics-service.ts(1,47): error TS6133: 'DiagnosticReport' is declared but its value is never read.
server/perplexity-service.ts(134,9): error TS6133: 'sections' is declared but its value is never read.
server/routes/asset-routes.ts(145,39): error TS2551: Property 'generateVibecodeGuide' does not exist on type '{ processRawInput(projectId: string, rawInput: string): Promise<void>; processMessage(project: { id: string; title: string; clientName: string | null; status: string; currentStage: number; ... 23 more ...; updatedAt: Date | null; }, userMessage: string): Promise<...>; ... 4 more ...; generateEmail(_project: { ...; }...'. Did you mean 'generateVibeGuides'?
server/routes/asset-routes.ts(162,43): error TS2551: Property 'generatePmBreakdown' does not exist on type '{ processRawInput(projectId: string, rawInput: string): Promise<void>; processMessage(project: { id: string; title: string; clientName: string | null; status: string; currentStage: number; ... 23 more ...; updatedAt: Date | null; }, userMessage: string): Promise<...>; ... 4 more ...; generateEmail(_project: { ...; }...'. Did you mean 'generatePMBreakdown'?
server/routes/asset-routes.ts(179,43): error TS2551: Property 'scenarioId' does not exist on type '{ scenario: "A" | "B"; }'. Did you mean 'scenario'?
server/routes/email-routes.ts(16,39): error TS2339: Property 'emailContent' does not exist on type '{ email: string; }'.
server/routes/email-routes.ts(56,46): error TS2339: Property 'generateEmailContent' does not exist on type '{ processRawInput(projectId: string, rawInput: string): Promise<void>; processMessage(project: { id: string; title: string; clientName: string | null; status: string; currentStage: number; ... 23 more ...; updatedAt: Date | null; }, userMessage: string): Promise<...>; ... 4 more ...; generateEmail(_project: { ...; }...'.
server/services/ai/fallbacks/defaults.ts(1,19): error TS6133: 'Scenario' is declared but its value is never read.
server/services/ai/fallbacks/defaults.ts(1,29): error TS6133: 'ROIAnalysis' is declared but its value is never read.
server/services/ai/fallbacks/defaults.ts(23,40): error TS6133: 'project' is declared but its value is never read.
server/services/ai/orchestrator.ts(3,23): error TS6133: 'AIResponseChunk' is declared but its value is never read.
server/services/ai/orchestrator.ts(4,69): error TS2307: Cannot find module '../perplexity-service' or its corresponding type declarations.
server/services/ai/providers/base-provider.ts(2,29): error TS2307: Cannot find module '../../usage-tracker' or its corresponding type declarations.
server/services/ai/providers/gemini-provider.ts(27,81): error TS6133: 'stage' is declared but its value is never read.
server/services/ai/providers/gemini-provider.ts(32,19): error TS6133: 'model' is declared but its value is never read.
server/services/ai/providers/gemini-provider.ts(57,13): error TS6133: 'fullContent' is declared but its value is never read.
server/services/ai/providers/openai-provider.ts(24,81): error TS6133: 'stage' is declared but its value is never read.
